// Jest Snapshot v1, https://goo.gl/fbAQLP

exports[`EpSpinner component Renders 1`] = `
<div class="spinner">
  <div class="oph-spinner">
    <div class="oph-bounce oph-bounce1"></div>
    <div class="oph-bounce oph-bounce2"></div>
    <div class="oph-bounce oph-bounce3"></div>
  </div>
</div>
`;
