// Jest Snapshot v1, https://goo.gl/fbAQLP

exports[`EpKayttaja component Renders 1`] = `
<div class="kayttaja">
  <li id="kayttaja-dropdown" class="nav-item b-nav-dropdown dropdown"><a id="kayttaja-dropdown__BV_toggle_" role="button" aria-haspopup="true" aria-expanded="false" href="#kayttaja-dropdown" target="_self" class="nav-link dropdown-toggle dropdown-toggle-no-caret">
      <div class="d-flex flex-row">
        <div class="kayttaja-valikko d-flex flex-column"><span class="kielivalitsin text-right">etunimi sukunimi</span>
          <!---->
        </div> <span aria-hidden="true" class="icon material-icons">expand_more</span>
      </div>
    </a>
    <ul tabindex="-1" aria-labelledby="kayttaja-dropdown__BV_toggle_" class="dropdown-menu dropdown-menu-right">
      <!---->
      <div>
        <!---->
        <div class="ep-collapse">
          <div role="button" tabindex="0" class="collapse-button d-flex align-items-center mb-2">
            <!---->
            <div class="align-self-start header">
              <div class="">
                <div>
                  <div class="pl-3 pt-2 text-nowrap kieli"><span aria-hidden="true" class="icon icon mr-3 material-icons">language</span> <span>kieli</span></div>
                  <div class="pl-3 uikieli"><span class="icon mr-3"></span> <small>sv</small></div>
                </div>
              </div>
            </div>
            <div class="ml-auto align-self-start" style="padding: 0.8rem 1rem;"><span aria-hidden="true" class="icon material-icons">expand_more</span></div>
          </div>
          <!---->
        </div>
        <!---->
      </div>
      <li role="presentation"><a role="menuitem" href="/henkilo-ui/omattiedot" target="_self" class="dropdown-item"><span aria-hidden="true" class="icon icon mr-3 material-icons">person</span> <span>kayttajan-asetukset</span></a></li>
      <li role="presentation">
        <hr role="separator" aria-orientation="horizontal" class="dropdown-divider">
      </li>
      <div>
        <!---->
        <div class="ep-collapse">
          <div role="button" tabindex="0" class="collapse-button d-flex align-items-center mb-2" aria-expanded="true">
            <!---->
            <div class="align-self-start header">
              <div class="header-toggled">
                <div>
                  <div class="pl-3 pt-2 text-nowrap kieli"><span aria-hidden="true" class="icon icon mr-3 material-icons">launch</span> <span>vaihda-sovellusta</span></div>
                  <div class="pl-3 valittu-sovellus pb-2"><span class="icon mr-3"></span> <small>APP_EPERUSTEET</small></div>
                </div>
              </div>
            </div>
            <div class="ml-auto align-self-start" style="padding: 0.8rem 1rem;"><span aria-hidden="true" class="icon material-icons">expand_less</span></div>
          </div>
          <div>
            <div class="collapse-tausta text-left">
              <li role="presentation" class="sovellusoikeus"><a role="menuitem" href="eperuste-url" target="_self" tabindex="-1" aria-disabled="true" class="dropdown-item disabled">
                  <div class="collapse-tausta-valinta-icon"><span aria-hidden="true" class="icon mr-3 valittu material-icons">done</span></div>
                  APP_EPERUSTEET
                </a></li>
              <li role="presentation" class="sovellusoikeus"><a role="menuitem" href="amosaa-url" target="_self" class="dropdown-item">
                  <div class="collapse-tausta-valinta-icon">
                    <!---->
                  </div>
                  APP_EPERUSTEET_AMOSAA
                </a></li>
              <li role="presentation"><a role="menuitem" href="/virkailijan-tyopoyta" target="_self" class="dropdown-item">
                  <div class="collapse-tausta-valinta-icon"></div>
                  virkailijan-tyopoyta
                </a></li>
            </div>
          </div>
        </div>
        <!---->
      </div>
      <li role="presentation">
        <hr role="separator" aria-orientation="horizontal" class="dropdown-divider">
      </li>
      <li role="presentation"><a role="menuitem" href="/service-provider-app/saml/logout" target="_self" class="dropdown-item"><span aria-hidden="true" class="icon mr-3 valittu material-icons">logout</span> <span>kirjaudu-ulos</span></a></li>
    </ul>
  </li>
</div>
`;
